   1:7>C:\Users\GokhanT\Desktop\Twa\TWA_Overlord\TWA.Web\Views\Academy\Index.cshtml(44,6): error RZ1010: Unexpected "{" after "@" character. Once inside the body of a code block (@if {}, @{}, etc.) you do not need to use "@{" to switch to code. [C:\Users\GokhanT\Desktop\Twa\TWA_Overlord\TWA.Web\TWA.Web.csproj]
   1:7>C:\Users\GokhanT\Desktop\Twa\TWA_Overlord\TWA.Web\Views\Building\Smithy.cshtml(56,6): error RZ1010: Unexpected "{" after "@" character. Once inside the body of a code block (@if {}, @{}, etc.) you do not need to use "@{" to switch to code. [C:\Users\GokhanT\Desktop\Twa\TWA_Overlord\TWA.Web\TWA.Web.csproj]
   1:7>C:\Users\GokhanT\Desktop\Twa\TWA_Overlord\TWA.Web\Views\Recruitment\Barracks.cshtml(46,6): error RZ1010: Unexpected "{" after "@" character. Once inside the body of a code block (@if {}, @{}, etc.) you do not need to use "@{" to switch to code. [C:\Users\GokhanT\Desktop\Twa\TWA_Overlord\TWA.Web\TWA.Web.csproj]
   1:7>C:\Users\GokhanT\Desktop\Twa\TWA_Overlord\TWA.Web\Views\Recruitment\Garage.cshtml(44,6): error RZ1010: Unexpected "{" after "@" character. Once inside the body of a code block (@if {}, @{}, etc.) you do not need to use "@{" to switch to code. [C:\Users\GokhanT\Desktop\Twa\TWA_Overlord\TWA.Web\TWA.Web.csproj]
   1:7>C:\Users\GokhanT\Desktop\Twa\TWA_Overlord\TWA.Web\Views\Recruitment\Stable.cshtml(46,6): error RZ1010: Unexpected "{" after "@" character. Once inside the body of a code block (@if {}, @{}, etc.) you do not need to use "@{" to switch to code. [C:\Users\GokhanT\Desktop\Twa\TWA_Overlord\TWA.Web\TWA.Web.csproj]
